<?xml version="1.0" encoding="UTF-8" standalone="no" ?>

<testsuites assertions="0" name="jenkinstest.lvproj" skipped="0" skips="0" timestamp="0.000000">
	<testsuite assertions="0" disabled="0" errors="0" failures="0" name="jenkinstest.lvproj\My Computer\Unit Tests\add.lvtest" skipped="0" skips="0" tests="1" time="0.362884" timestamp="0.000000">
		<testcase assertions="0" name="Test Case " time="0.058000" timestamp="0.000000"/>
	</testsuite>
	<testsuite assertions="0" disabled="0" errors="0" failures="0" name="jenkinstest.lvproj\My Computer\Unit Tests\subtract.lvtest" skipped="0" skips="0" tests="1" time="0.493393" timestamp="0.000000">
		<testcase assertions="0" name="Test Case 1" time="0.031000" timestamp="0.000000"/>
	</testsuite>
</testsuites>